---
source: src/utoipa_tests.rs
expression: "&converted"
---
openapi: 3.0.3
info:
  title: utoipa-axum
  description: Utoipa's axum bindings for seamless integration for the two
  contact:
    name: Juha Kukkonen
    email: juha7kukkonen@gmail.com
  license:
    name: MIT OR Apache-2.0
    identifier: MIT OR Apache-2.0
  version: 0.2.0
paths:
  /user:
    put:
      operationId: put_user
      requestBody:
        content:
          application/json:
            schema:
              $ref: '#/components/schemas/UserWithNullableField'
        required: true
      responses:
        '200':
          description: ''
          content:
            application/json:
              schema:
                $ref: '#/components/schemas/UserWithNullableField'
    post:
      operationId: post_user
      requestBody:
        content:
          application/json:
            schema:
              $ref: '#/components/schemas/UserWithNullableField'
        required: true
      responses:
        '200':
          description: ''
          content:
            application/json:
              schema:
                $ref: '#/components/schemas/UserWithNullableField'
components:
  schemas:
    UserWithNullableField:
      type: object
      required:
      - id
      - field
      properties:
        field:
          type: string
          description: field with some documentation
        id:
          type: integer
          format: int32
        name:
          type: string
          nullable: true
